---
http_interactions:
- request:
    method: get
    uri: http://209.133.205.2/painel/api.ashx?action=sendsms&lgn=xxxxxx&msg=Paulo,%20voc%C3%AA%20tem%20consulta%20com%20Dr/DraSra.%20no%20dia%2006/05segunda-feira%20as%2018:00.%20Se%20precisar%20reagendar/cancelar%20ligue%20para:%20(xx)%20xxxxx-xxxx&numbers=xxxxxxx&pwd=xxxxxx
    body:
      encoding: US-ASCII
      string: ''
    headers:
      Accept-Encoding:
      - gzip;q=1.0,deflate;q=0.6,identity;q=0.3
      Accept:
      - "*/*"
      User-Agent:
      - Ruby
      Host:
      - 209.133.205.2
  response:
    status:
      code: 200
      message: OK
    headers:
      Cache-Control:
      - private
      Content-Type:
      - text/plain; charset=utf-8
      Server:
      - Microsoft-IIS/10.0
      Access-Control-Allow-Origin:
      - "*"
      Access-Control-Allow-Methods:
      - GET, POST
      X-Aspnet-Version:
      - 4.0.30319
      X-Powered-By:
      - ASP.NET
      Date:
      - Mon, 06 May 2019 15:50:33 GMT
      Content-Length:
      - '68'
    body:
      encoding: UTF-8
      string: '{"status":0,"data":null,"msg":"SEM CREDITOS PARA ENVIO DA CAMPANHA"}'
    http_version: 
  recorded_at: Mon, 06 May 2019 15:50:37 GMT
- request:
    method: get
    uri: http://209.133.205.2/painel/api.ashx?action=sendsms&lgn=11982225000&msg=Helena,%20voc%C3%AA%20tem%20consulta%20com%20Dr/DraRoberto%20no%20dia%2006/05segunda-feira%20as%2018:00.%20Se%20precisar%20reagendar/cancelar%20ligue%20para:%20(xx)%20xxxxx-xxxx&numbers=64950950887&pwd=465647
    body:
      encoding: US-ASCII
      string: ''
    headers:
      Accept-Encoding:
      - gzip;q=1.0,deflate;q=0.6,identity;q=0.3
      Accept:
      - "*/*"
      User-Agent:
      - Ruby
      Host:
      - 209.133.205.2
  response:
    status:
      code: 200
      message: OK
    headers:
      Cache-Control:
      - private
      Content-Type:
      - text/plain; charset=utf-8
      Server:
      - Microsoft-IIS/10.0
      Access-Control-Allow-Origin:
      - "*"
      Access-Control-Allow-Methods:
      - GET, POST
      X-Aspnet-Version:
      - 4.0.30319
      X-Powered-By:
      - ASP.NET
      Date:
      - Mon, 06 May 2019 15:52:12 GMT
      Content-Length:
      - '68'
    body:
      encoding: UTF-8
      string: '{"status":0,"data":null,"msg":"SEM CREDITOS PARA ENVIO DA CAMPANHA"}'
    http_version: 
  recorded_at: Mon, 06 May 2019 15:52:16 GMT
- request:
    method: get
    uri: http://209.133.205.2/painel/api.ashx?action=sendsms&lgn=11982225000&msg=Mait%C3%AA,%20voc%C3%AA%20tem%20consulta%20com%20Dr/DraJo%C3%A3o%20no%20dia%2006/05segunda-feira%20as%2018:00.%20Se%20precisar%20reagendar/cancelar%20ligue%20para:%20(xx)%20xxxxx-xxxx&numbers=83954147430&pwd=465647
    body:
      encoding: US-ASCII
      string: ''
    headers:
      Accept-Encoding:
      - gzip;q=1.0,deflate;q=0.6,identity;q=0.3
      Accept:
      - "*/*"
      User-Agent:
      - Ruby
      Host:
      - 209.133.205.2
  response:
    status:
      code: 200
      message: OK
    headers:
      Cache-Control:
      - private
      Content-Type:
      - text/plain; charset=utf-8
      Server:
      - Microsoft-IIS/10.0
      Access-Control-Allow-Origin:
      - "*"
      Access-Control-Allow-Methods:
      - GET, POST
      X-Aspnet-Version:
      - 4.0.30319
      X-Powered-By:
      - ASP.NET
      Date:
      - Mon, 06 May 2019 15:52:22 GMT
      Content-Length:
      - '68'
    body:
      encoding: UTF-8
      string: '{"status":0,"data":null,"msg":"SEM CREDITOS PARA ENVIO DA CAMPANHA"}'
    http_version: 
  recorded_at: Mon, 06 May 2019 15:52:26 GMT
recorded_with: VCR 4.0.0
